#! /opt/homebrew/Cellar/icarus-verilog/12.0/bin/vvp
:ivl_version "12.0 (stable)";
:ivl_delay_selection "TYPICAL";
:vpi_time_precision - 9;
:vpi_module "/opt/homebrew/Cellar/icarus-verilog/12.0/lib/ivl/system.vpi";
:vpi_module "/opt/homebrew/Cellar/icarus-verilog/12.0/lib/ivl/vhdl_sys.vpi";
:vpi_module "/opt/homebrew/Cellar/icarus-verilog/12.0/lib/ivl/vhdl_textio.vpi";
:vpi_module "/opt/homebrew/Cellar/icarus-verilog/12.0/lib/ivl/v2005_math.vpi";
:vpi_module "/opt/homebrew/Cellar/icarus-verilog/12.0/lib/ivl/va_math.vpi";
S_0x14ee08270 .scope module, "DFF_sim" "DFF_sim" 2 14;
 .timescale -9 -9;
v0x14ee1c1b0_0 .var "clk", 0 0;
v0x14ee1c250_0 .var "d", 0 0;
v0x14ee1c300_0 .net "q", 0 0, v0x14ee1c0b0_0;  1 drivers
S_0x14ee07520 .scope module, "dff0" "DFF" 2 18, 2 1 0, S_0x14ee08270;
 .timescale 0 0;
    .port_info 0 /INPUT 1 "clk";
    .port_info 1 /INPUT 1 "d";
    .port_info 2 /OUTPUT 1 "q";
v0x14ee083e0_0 .net "clk", 0 0, v0x14ee1c1b0_0;  1 drivers
v0x14ee1c010_0 .net "d", 0 0, v0x14ee1c250_0;  1 drivers
v0x14ee1c0b0_0 .var "q", 0 0;
E_0x14ee07b00 .event posedge, v0x14ee083e0_0;
    .scope S_0x14ee07520;
T_0 ;
    %wait E_0x14ee07b00;
    %load/vec4 v0x14ee1c010_0;
    %assign/vec4 v0x14ee1c0b0_0, 0;
    %jmp T_0;
    .thread T_0;
    .scope S_0x14ee08270;
T_1 ;
    %vpi_call 2 21 "$dumpfile", "dff.vcd" {0 0 0};
    %vpi_call 2 22 "$dumpvars", 32'sb00000000000000000000000000000000, S_0x14ee08270 {0 0 0};
    %end;
    .thread T_1;
    .scope S_0x14ee08270;
T_2 ;
    %pushi/vec4 0, 0, 1;
    %store/vec4 v0x14ee1c1b0_0, 0, 1;
T_2.0 ;
    %delay 4, 0;
    %load/vec4 v0x14ee1c1b0_0;
    %inv;
    %store/vec4 v0x14ee1c1b0_0, 0, 1;
    %jmp T_2.0;
    %end;
    .thread T_2;
    .scope S_0x14ee08270;
T_3 ;
    %pushi/vec4 0, 0, 1;
    %store/vec4 v0x14ee1c250_0, 0, 1;
    %delay 100, 0;
    %pushi/vec4 1, 0, 1;
    %store/vec4 v0x14ee1c250_0, 0, 1;
    %delay 100, 0;
    %pushi/vec4 0, 0, 1;
    %store/vec4 v0x14ee1c250_0, 0, 1;
    %delay 100, 0;
    %vpi_call 2 36 "$finish" {0 0 0};
    %end;
    .thread T_3;
# The file index is used to find the file name in the following table.
:file_names 3;
    "N/A";
    "<interactive>";
    "dff.v";
