#! /opt/homebrew/Cellar/icarus-verilog/12.0/bin/vvp
:ivl_version "12.0 (stable)";
:ivl_delay_selection "TYPICAL";
:vpi_time_precision + 0;
:vpi_module "/opt/homebrew/Cellar/icarus-verilog/12.0/lib/ivl/system.vpi";
:vpi_module "/opt/homebrew/Cellar/icarus-verilog/12.0/lib/ivl/vhdl_sys.vpi";
:vpi_module "/opt/homebrew/Cellar/icarus-verilog/12.0/lib/ivl/vhdl_textio.vpi";
:vpi_module "/opt/homebrew/Cellar/icarus-verilog/12.0/lib/ivl/v2005_math.vpi";
:vpi_module "/opt/homebrew/Cellar/icarus-verilog/12.0/lib/ivl/va_math.vpi";
S_0x117f05c20 .scope module, "mem_sim" "mem_sim" 2 15;
 .timescale 0 0;
v0x117f16460_0 .var "addr", 15 0;
v0x117f16510_0 .var "clk", 0 0;
v0x117f165a0_0 .var "d", 15 0;
v0x117f16670_0 .var "load", 0 0;
v0x117f16720_0 .net "q", 15 0, v0x117f16330_0;  1 drivers
S_0x117f05d90 .scope module, "m" "mem" 2 20, 2 1 0, S_0x117f05c20;
 .timescale 0 0;
    .port_info 0 /INPUT 1 "clk";
    .port_info 1 /INPUT 1 "load";
    .port_info 2 /INPUT 16 "addr";
    .port_info 3 /INPUT 16 "d";
    .port_info 4 /OUTPUT 16 "q";
v0x117f05fd0_0 .net "addr", 15 0, v0x117f16460_0;  1 drivers
v0x117f16070_0 .net "clk", 0 0, v0x117f16510_0;  1 drivers
v0x117f16110_0 .net "d", 15 0, v0x117f165a0_0;  1 drivers
v0x117f161b0_0 .net "load", 0 0, v0x117f16670_0;  1 drivers
v0x117f16250 .array "mem", 0 4095, 15 0;
v0x117f16330_0 .var "q", 15 0;
E_0x117f05b10 .event posedge, v0x117f16070_0;
    .scope S_0x117f05d90;
T_0 ;
    %wait E_0x117f05b10;
    %load/vec4 v0x117f161b0_0;
    %flag_set/vec4 8;
    %jmp/0xz  T_0.0, 8;
    %load/vec4 v0x117f16110_0;
    %ix/getv 3, v0x117f05fd0_0;
    %ix/load 4, 0, 0; Constant delay
    %assign/vec4/a/d v0x117f16250, 0, 4;
T_0.0 ;
    %ix/getv 4, v0x117f05fd0_0;
    %load/vec4a v0x117f16250, 4;
    %assign/vec4 v0x117f16330_0, 0;
    %jmp T_0;
    .thread T_0;
    .scope S_0x117f05c20;
T_1 ;
    %vpi_call 2 23 "$dumpfile", "mem.vcd" {0 0 0};
    %vpi_call 2 24 "$dumpvars", 32'sb00000000000000000000000000000000, S_0x117f05c20 {0 0 0};
    %end;
    .thread T_1;
    .scope S_0x117f05c20;
T_2 ;
    %pushi/vec4 0, 0, 1;
    %store/vec4 v0x117f16510_0, 0, 1;
T_2.0 ;
    %delay 5, 0;
    %load/vec4 v0x117f16510_0;
    %inv;
    %store/vec4 v0x117f16510_0, 0, 1;
    %jmp T_2.0;
    %end;
    .thread T_2;
    .scope S_0x117f05c20;
T_3 ;
    %pushi/vec4 1, 0, 1;
    %store/vec4 v0x117f16670_0, 0, 1;
    %pushi/vec4 1, 0, 16;
    %store/vec4 v0x117f16460_0, 0, 16;
    %pushi/vec4 23, 0, 16;
    %store/vec4 v0x117f165a0_0, 0, 16;
    %delay 100, 0;
    %pushi/vec4 0, 0, 1;
    %store/vec4 v0x117f16670_0, 0, 1;
    %pushi/vec4 0, 0, 16;
    %store/vec4 v0x117f16460_0, 0, 16;
    %delay 100, 0;
    %pushi/vec4 1, 0, 16;
    %store/vec4 v0x117f16460_0, 0, 16;
    %pushi/vec4 1, 0, 16;
    %store/vec4 v0x117f165a0_0, 0, 16;
    %delay 100, 0;
    %pushi/vec4 1, 0, 1;
    %store/vec4 v0x117f16670_0, 0, 1;
    %pushi/vec4 1, 0, 16;
    %store/vec4 v0x117f16460_0, 0, 16;
    %pushi/vec4 2, 0, 16;
    %store/vec4 v0x117f165a0_0, 0, 16;
    %delay 100, 0;
    %pushi/vec4 0, 0, 1;
    %store/vec4 v0x117f16670_0, 0, 1;
    %pushi/vec4 1, 0, 16;
    %store/vec4 v0x117f16460_0, 0, 16;
    %delay 100, 0;
    %vpi_call 2 38 "$finish" {0 0 0};
    %end;
    .thread T_3;
# The file index is used to find the file name in the following table.
:file_names 3;
    "N/A";
    "<interactive>";
    "mem.v";
