#! /opt/homebrew/Cellar/icarus-verilog/12.0/bin/vvp
:ivl_version "12.0 (stable)";
:ivl_delay_selection "TYPICAL";
:vpi_time_precision + 0;
:vpi_module "/opt/homebrew/Cellar/icarus-verilog/12.0/lib/ivl/system.vpi";
:vpi_module "/opt/homebrew/Cellar/icarus-verilog/12.0/lib/ivl/vhdl_sys.vpi";
:vpi_module "/opt/homebrew/Cellar/icarus-verilog/12.0/lib/ivl/vhdl_textio.vpi";
:vpi_module "/opt/homebrew/Cellar/icarus-verilog/12.0/lib/ivl/v2005_math.vpi";
:vpi_module "/opt/homebrew/Cellar/icarus-verilog/12.0/lib/ivl/va_math.vpi";
S_0x11e609430 .scope module, "state_sim" "state_sim" 2 21;
 .timescale 0 0;
v0x11e61f360_0 .var "clk", 0 0;
v0x11e61f410_0 .net "cs", 1 0, v0x11e61f020_0;  1 drivers
v0x11e61f4a0_0 .var "halt", 0 0;
v0x11e61f570_0 .var "reset", 0 0;
v0x11e61f620_0 .var "run", 0 0;
S_0x11e607520 .scope module, "state_inst" "state" 2 25, 2 5 0, S_0x11e609430;
 .timescale 0 0;
    .port_info 0 /INPUT 1 "clk";
    .port_info 1 /INPUT 1 "reset";
    .port_info 2 /INPUT 1 "run";
    .port_info 3 /INPUT 1 "halt";
    .port_info 4 /OUTPUT 2 "cs";
v0x11e60f4a0_0 .net "clk", 0 0, v0x11e61f360_0;  1 drivers
v0x11e61f020_0 .var "cs", 1 0;
v0x11e61f0c0_0 .net "halt", 0 0, v0x11e61f4a0_0;  1 drivers
v0x11e61f170_0 .net "reset", 0 0, v0x11e61f570_0;  1 drivers
v0x11e61f200_0 .net "run", 0 0, v0x11e61f620_0;  1 drivers
E_0x11e609b40/0 .event negedge, v0x11e61f170_0;
E_0x11e609b40/1 .event posedge, v0x11e60f4a0_0;
E_0x11e609b40 .event/or E_0x11e609b40/0, E_0x11e609b40/1;
    .scope S_0x11e607520;
T_0 ;
    %wait E_0x11e609b40;
    %load/vec4 v0x11e61f170_0;
    %nor/r;
    %flag_set/vec4 8;
    %jmp/0xz  T_0.0, 8;
    %pushi/vec4 0, 0, 2;
    %assign/vec4 v0x11e61f020_0, 0;
    %jmp T_0.1;
T_0.0 ;
    %load/vec4 v0x11e61f020_0;
    %dup/vec4;
    %pushi/vec4 0, 0, 2;
    %cmp/u;
    %jmp/1 T_0.2, 6;
    %dup/vec4;
    %pushi/vec4 1, 0, 2;
    %cmp/u;
    %jmp/1 T_0.3, 6;
    %dup/vec4;
    %pushi/vec4 2, 0, 2;
    %cmp/u;
    %jmp/1 T_0.4, 6;
    %pushi/vec4 3, 3, 2;
    %assign/vec4 v0x11e61f020_0, 0;
    %jmp T_0.6;
T_0.2 ;
    %load/vec4 v0x11e61f200_0;
    %flag_set/vec4 8;
    %jmp/0xz  T_0.7, 8;
    %pushi/vec4 1, 0, 2;
    %assign/vec4 v0x11e61f020_0, 0;
T_0.7 ;
    %jmp T_0.6;
T_0.3 ;
    %pushi/vec4 2, 0, 2;
    %assign/vec4 v0x11e61f020_0, 0;
    %jmp T_0.6;
T_0.4 ;
    %load/vec4 v0x11e61f0c0_0;
    %flag_set/vec4 8;
    %jmp/0xz  T_0.9, 8;
    %pushi/vec4 0, 0, 2;
    %assign/vec4 v0x11e61f020_0, 0;
    %jmp T_0.10;
T_0.9 ;
    %pushi/vec4 1, 0, 2;
    %assign/vec4 v0x11e61f020_0, 0;
T_0.10 ;
    %jmp T_0.6;
T_0.6 ;
    %pop/vec4 1;
T_0.1 ;
    %jmp T_0;
    .thread T_0;
    .scope S_0x11e609430;
T_1 ;
    %vpi_call 2 28 "$dumpfile", "state.vcd" {0 0 0};
    %vpi_call 2 29 "$dumpvars", 32'sb00000000000000000000000000000000, S_0x11e609430 {0 0 0};
    %end;
    .thread T_1;
    .scope S_0x11e609430;
T_2 ;
    %pushi/vec4 0, 0, 1;
    %store/vec4 v0x11e61f360_0, 0, 1;
T_2.0 ;
    %delay 50, 0;
    %load/vec4 v0x11e61f360_0;
    %inv;
    %store/vec4 v0x11e61f360_0, 0, 1;
    %jmp T_2.0;
    %end;
    .thread T_2;
    .scope S_0x11e609430;
T_3 ;
    %pushi/vec4 0, 0, 1;
    %store/vec4 v0x11e61f570_0, 0, 1;
    %pushi/vec4 0, 0, 1;
    %store/vec4 v0x11e61f620_0, 0, 1;
    %pushi/vec4 0, 0, 1;
    %store/vec4 v0x11e61f4a0_0, 0, 1;
    %delay 100, 0;
    %pushi/vec4 1, 0, 1;
    %store/vec4 v0x11e61f570_0, 0, 1;
    %delay 100, 0;
    %pushi/vec4 1, 0, 1;
    %store/vec4 v0x11e61f620_0, 0, 1;
    %delay 100, 0;
    %pushi/vec4 0, 0, 1;
    %store/vec4 v0x11e61f620_0, 0, 1;
    %delay 100, 0;
    %pushi/vec4 1, 0, 1;
    %store/vec4 v0x11e61f4a0_0, 0, 1;
    %delay 100, 0;
    %pushi/vec4 0, 0, 1;
    %store/vec4 v0x11e61f4a0_0, 0, 1;
    %delay 100, 0;
    %vpi_call 2 46 "$finish" {0 0 0};
    %end;
    .thread T_3;
# The file index is used to find the file name in the following table.
:file_names 3;
    "N/A";
    "<interactive>";
    "state.v";
