#! /opt/homebrew/Cellar/icarus-verilog/12.0/bin/vvp
:ivl_version "12.0 (stable)";
:ivl_delay_selection "TYPICAL";
:vpi_time_precision + 0;
:vpi_module "/opt/homebrew/Cellar/icarus-verilog/12.0/lib/ivl/system.vpi";
:vpi_module "/opt/homebrew/Cellar/icarus-verilog/12.0/lib/ivl/vhdl_sys.vpi";
:vpi_module "/opt/homebrew/Cellar/icarus-verilog/12.0/lib/ivl/vhdl_textio.vpi";
:vpi_module "/opt/homebrew/Cellar/icarus-verilog/12.0/lib/ivl/v2005_math.vpi";
:vpi_module "/opt/homebrew/Cellar/icarus-verilog/12.0/lib/ivl/va_math.vpi";
S_0x154704170 .scope module, "alu_sim" "alu_sim" 2 63;
 .timescale 0 0;
v0x154715170_0 .var "a", 15 0;
v0x154715220_0 .var "b", 15 0;
v0x1547152d0_0 .var "f", 4 0;
v0x1547153a0_0 .net "s", 15 0, L_0x154715730;  1 drivers
S_0x1547042f0 .scope module, "alu" "ArithmeticLogicUnit" 2 68, 2 21 0, S_0x154704170;
 .timescale 0 0;
    .port_info 0 /INPUT 16 "a";
    .port_info 1 /INPUT 16 "b";
    .port_info 2 /INPUT 5 "f";
    .port_info 3 /OUTPUT 16 "s";
L_0x148040010 .functor BUFT 1, C4<1000000000000000>, C4<0>, C4<0>, C4<0>;
v0x154714b70_0 .net/2u *"_ivl_0", 15 0, L_0x148040010;  1 drivers
L_0x148040058 .functor BUFT 1, C4<1000000000000000>, C4<0>, C4<0>, C4<0>;
v0x154714c30_0 .net/2u *"_ivl_4", 15 0, L_0x148040058;  1 drivers
v0x154714cd0_0 .net "a", 15 0, v0x154715170_0;  1 drivers
v0x154714d80_0 .net "b", 15 0, v0x154715220_0;  1 drivers
v0x154714e30_0 .net "f", 4 0, v0x1547152d0_0;  1 drivers
v0x154714f20_0 .net "s", 15 0, L_0x154715730;  alias, 1 drivers
v0x154714fd0_0 .net "x", 15 0, L_0x154715490;  1 drivers
v0x154715080_0 .net "y", 15 0, L_0x1547155f0;  1 drivers
L_0x154715490 .arith/sum 16, v0x154715170_0, L_0x148040010;
L_0x1547155f0 .arith/sum 16, v0x154715220_0, L_0x148040058;
L_0x154715730 .ufunc/vec4 TD_alu_sim.alu.alu, 16, v0x154715170_0, v0x154715220_0, v0x1547152d0_0, L_0x154715490, L_0x1547155f0 (v0x1547046f0_0, v0x154714860_0, v0x154714920_0, v0x1547149d0_0, v0x154714ac0_0) S_0x154704520;
S_0x154704520 .scope function.vec4.s16, "alu" "alu" 2 31, 2 31 0, S_0x1547042f0;
 .timescale 0 0;
v0x1547046f0_0 .var "a", 15 0;
; Variable alu is vec4 return value of scope S_0x154704520
v0x154714860_0 .var "b", 15 0;
v0x154714920_0 .var "f", 4 0;
v0x1547149d0_0 .var "x", 15 0;
v0x154714ac0_0 .var "y", 15 0;
TD_alu_sim.alu.alu ;
    %load/vec4 v0x154714920_0;
    %dup/vec4;
    %pushi/vec4 0, 0, 5;
    %cmp/u;
    %jmp/1 T_0.0, 6;
    %dup/vec4;
    %pushi/vec4 1, 0, 5;
    %cmp/u;
    %jmp/1 T_0.1, 6;
    %dup/vec4;
    %pushi/vec4 2, 0, 5;
    %cmp/u;
    %jmp/1 T_0.2, 6;
    %dup/vec4;
    %pushi/vec4 3, 0, 5;
    %cmp/u;
    %jmp/1 T_0.3, 6;
    %dup/vec4;
    %pushi/vec4 4, 0, 5;
    %cmp/u;
    %jmp/1 T_0.4, 6;
    %dup/vec4;
    %pushi/vec4 5, 0, 5;
    %cmp/u;
    %jmp/1 T_0.5, 6;
    %dup/vec4;
    %pushi/vec4 6, 0, 5;
    %cmp/u;
    %jmp/1 T_0.6, 6;
    %dup/vec4;
    %pushi/vec4 8, 0, 5;
    %cmp/u;
    %jmp/1 T_0.7, 6;
    %dup/vec4;
    %pushi/vec4 9, 0, 5;
    %cmp/u;
    %jmp/1 T_0.8, 6;
    %dup/vec4;
    %pushi/vec4 10, 0, 5;
    %cmp/u;
    %jmp/1 T_0.9, 6;
    %dup/vec4;
    %pushi/vec4 11, 0, 5;
    %cmp/u;
    %jmp/1 T_0.10, 6;
    %dup/vec4;
    %pushi/vec4 12, 0, 5;
    %cmp/u;
    %jmp/1 T_0.11, 6;
    %dup/vec4;
    %pushi/vec4 13, 0, 5;
    %cmp/u;
    %jmp/1 T_0.12, 6;
    %dup/vec4;
    %pushi/vec4 14, 0, 5;
    %cmp/u;
    %jmp/1 T_0.13, 6;
    %dup/vec4;
    %pushi/vec4 15, 0, 5;
    %cmp/u;
    %jmp/1 T_0.14, 6;
    %dup/vec4;
    %pushi/vec4 16, 0, 5;
    %cmp/u;
    %jmp/1 T_0.15, 6;
    %dup/vec4;
    %pushi/vec4 17, 0, 5;
    %cmp/u;
    %jmp/1 T_0.16, 6;
    %dup/vec4;
    %pushi/vec4 18, 0, 5;
    %cmp/u;
    %jmp/1 T_0.17, 6;
    %pushi/vec4 65535, 65535, 16;
    %ret/vec4 0, 0, 16;  Assign to alu (store_vec4_to_lval)
    %jmp T_0.19;
T_0.0 ;
    %load/vec4 v0x154714860_0;
    %load/vec4 v0x1547046f0_0;
    %add;
    %ret/vec4 0, 0, 16;  Assign to alu (store_vec4_to_lval)
    %jmp T_0.19;
T_0.1 ;
    %load/vec4 v0x154714860_0;
    %load/vec4 v0x1547046f0_0;
    %sub;
    %ret/vec4 0, 0, 16;  Assign to alu (store_vec4_to_lval)
    %jmp T_0.19;
T_0.2 ;
    %load/vec4 v0x154714860_0;
    %load/vec4 v0x1547046f0_0;
    %mul;
    %ret/vec4 0, 0, 16;  Assign to alu (store_vec4_to_lval)
    %jmp T_0.19;
T_0.3 ;
    %load/vec4 v0x154714860_0;
    %ix/getv 4, v0x1547046f0_0;
    %shiftl 4;
    %ret/vec4 0, 0, 16;  Assign to alu (store_vec4_to_lval)
    %jmp T_0.19;
T_0.4 ;
    %load/vec4 v0x154714860_0;
    %ix/getv 4, v0x1547046f0_0;
    %shiftr 4;
    %ret/vec4 0, 0, 16;  Assign to alu (store_vec4_to_lval)
    %jmp T_0.19;
T_0.5 ;
    %load/vec4 v0x154714860_0;
    %load/vec4 v0x1547046f0_0;
    %and;
    %ret/vec4 0, 0, 16;  Assign to alu (store_vec4_to_lval)
    %jmp T_0.19;
T_0.6 ;
    %load/vec4 v0x1547046f0_0;
    %load/vec4 v0x154714860_0;
    %or;
    %ret/vec4 0, 0, 16;  Assign to alu (store_vec4_to_lval)
    %jmp T_0.19;
T_0.7 ;
    %load/vec4 v0x154714860_0;
    %cmpi/ne 0, 0, 16;
    %flag_get/vec4 4;
    %jmp/0 T_0.20, 4;
    %load/vec4 v0x1547046f0_0;
    %pushi/vec4 0, 0, 16;
    %cmp/ne;
    %flag_get/vec4 4;
    %and;
T_0.20;
    %pad/u 16;
    %ret/vec4 0, 0, 16;  Assign to alu (store_vec4_to_lval)
    %jmp T_0.19;
T_0.8 ;
    %load/vec4 v0x154714860_0;
    %cmpi/ne 0, 0, 16;
    %flag_get/vec4 4;
    %jmp/1 T_0.21, 4;
    %load/vec4 v0x1547046f0_0;
    %pushi/vec4 0, 0, 16;
    %cmp/ne;
    %flag_get/vec4 4;
    %or;
T_0.21;
    %pad/u 16;
    %ret/vec4 0, 0, 16;  Assign to alu (store_vec4_to_lval)
    %jmp T_0.19;
T_0.9 ;
    %load/vec4 v0x154714860_0;
    %load/vec4 v0x1547046f0_0;
    %cmp/e;
    %flag_get/vec4 4;
    %pad/u 16;
    %ret/vec4 0, 0, 16;  Assign to alu (store_vec4_to_lval)
    %jmp T_0.19;
T_0.10 ;
    %load/vec4 v0x154714860_0;
    %load/vec4 v0x1547046f0_0;
    %cmp/ne;
    %flag_get/vec4 4;
    %pad/u 16;
    %ret/vec4 0, 0, 16;  Assign to alu (store_vec4_to_lval)
    %jmp T_0.19;
T_0.11 ;
    %load/vec4 v0x154714ac0_0;
    %load/vec4 v0x1547149d0_0;
    %cmp/u;
    %flag_get/vec4 4;
    %flag_get/vec4 5;
    %or;
    %pad/u 16;
    %ret/vec4 0, 0, 16;  Assign to alu (store_vec4_to_lval)
    %jmp T_0.19;
T_0.12 ;
    %load/vec4 v0x1547149d0_0;
    %load/vec4 v0x154714ac0_0;
    %cmp/u;
    %flag_get/vec4 4;
    %flag_get/vec4 5;
    %or;
    %pad/u 16;
    %ret/vec4 0, 0, 16;  Assign to alu (store_vec4_to_lval)
    %jmp T_0.19;
T_0.13 ;
    %load/vec4 v0x154714ac0_0;
    %load/vec4 v0x1547149d0_0;
    %cmp/u;
    %flag_get/vec4 5;
    %pad/u 16;
    %ret/vec4 0, 0, 16;  Assign to alu (store_vec4_to_lval)
    %jmp T_0.19;
T_0.14 ;
    %load/vec4 v0x1547149d0_0;
    %load/vec4 v0x154714ac0_0;
    %cmp/u;
    %flag_get/vec4 5;
    %pad/u 16;
    %ret/vec4 0, 0, 16;  Assign to alu (store_vec4_to_lval)
    %jmp T_0.19;
T_0.15 ;
    %load/vec4 v0x1547046f0_0;
    %inv;
    %pushi/vec4 1, 0, 16;
    %add;
    %ret/vec4 0, 0, 16;  Assign to alu (store_vec4_to_lval)
    %jmp T_0.19;
T_0.16 ;
    %load/vec4 v0x1547046f0_0;
    %inv;
    %ret/vec4 0, 0, 16;  Assign to alu (store_vec4_to_lval)
    %jmp T_0.19;
T_0.17 ;
    %load/vec4 v0x1547046f0_0;
    %nor/r;
    %pad/u 16;
    %ret/vec4 0, 0, 16;  Assign to alu (store_vec4_to_lval)
    %jmp T_0.19;
T_0.19 ;
    %pop/vec4 1;
    %end;
    .scope S_0x154704170;
T_1 ;
    %vpi_call 2 71 "$dumpfile", "alu.vcd" {0 0 0};
    %vpi_call 2 72 "$dumpvars", 32'sb00000000000000000000000000000000, S_0x154704170 {0 0 0};
    %end;
    .thread T_1;
    .scope S_0x154704170;
T_2 ;
    %pushi/vec4 10, 0, 16;
    %store/vec4 v0x154715170_0, 0, 16;
    %pushi/vec4 40, 0, 16;
    %store/vec4 v0x154715220_0, 0, 16;
    %delay 100, 0;
    %pushi/vec4 0, 0, 5;
    %store/vec4 v0x1547152d0_0, 0, 5;
    %delay 100, 0;
    %pushi/vec4 1, 0, 5;
    %store/vec4 v0x1547152d0_0, 0, 5;
    %delay 100, 0;
    %pushi/vec4 2, 0, 5;
    %store/vec4 v0x1547152d0_0, 0, 5;
    %delay 100, 0;
    %pushi/vec4 3, 0, 5;
    %store/vec4 v0x1547152d0_0, 0, 5;
    %delay 100, 0;
    %pushi/vec4 4, 0, 5;
    %store/vec4 v0x1547152d0_0, 0, 5;
    %delay 100, 0;
    %pushi/vec4 5, 0, 5;
    %store/vec4 v0x1547152d0_0, 0, 5;
    %delay 100, 0;
    %pushi/vec4 6, 0, 5;
    %store/vec4 v0x1547152d0_0, 0, 5;
    %delay 100, 0;
    %pushi/vec4 8, 0, 5;
    %store/vec4 v0x1547152d0_0, 0, 5;
    %delay 100, 0;
    %pushi/vec4 9, 0, 5;
    %store/vec4 v0x1547152d0_0, 0, 5;
    %delay 100, 0;
    %pushi/vec4 10, 0, 5;
    %store/vec4 v0x1547152d0_0, 0, 5;
    %delay 100, 0;
    %pushi/vec4 11, 0, 5;
    %store/vec4 v0x1547152d0_0, 0, 5;
    %delay 100, 0;
    %pushi/vec4 12, 0, 5;
    %store/vec4 v0x1547152d0_0, 0, 5;
    %delay 100, 0;
    %pushi/vec4 13, 0, 5;
    %store/vec4 v0x1547152d0_0, 0, 5;
    %delay 100, 0;
    %pushi/vec4 14, 0, 5;
    %store/vec4 v0x1547152d0_0, 0, 5;
    %delay 100, 0;
    %pushi/vec4 15, 0, 5;
    %store/vec4 v0x1547152d0_0, 0, 5;
    %delay 100, 0;
    %pushi/vec4 16, 0, 5;
    %store/vec4 v0x1547152d0_0, 0, 5;
    %delay 100, 0;
    %pushi/vec4 17, 0, 5;
    %store/vec4 v0x1547152d0_0, 0, 5;
    %delay 100, 0;
    %pushi/vec4 18, 0, 5;
    %store/vec4 v0x1547152d0_0, 0, 5;
    %delay 100, 0;
    %vpi_call 2 95 "$finish" {0 0 0};
    %end;
    .thread T_2;
# The file index is used to find the file name in the following table.
:file_names 3;
    "N/A";
    "<interactive>";
    "alu.v";
