#! /opt/homebrew/Cellar/icarus-verilog/12.0/bin/vvp
:ivl_version "12.0 (stable)";
:ivl_delay_selection "TYPICAL";
:vpi_time_precision - 9;
:vpi_module "/opt/homebrew/Cellar/icarus-verilog/12.0/lib/ivl/system.vpi";
:vpi_module "/opt/homebrew/Cellar/icarus-verilog/12.0/lib/ivl/vhdl_sys.vpi";
:vpi_module "/opt/homebrew/Cellar/icarus-verilog/12.0/lib/ivl/vhdl_textio.vpi";
:vpi_module "/opt/homebrew/Cellar/icarus-verilog/12.0/lib/ivl/v2005_math.vpi";
:vpi_module "/opt/homebrew/Cellar/icarus-verilog/12.0/lib/ivl/va_math.vpi";
S_0x140704180 .scope module, "cpu_sim" "cpu_sim" 2 199;
 .timescale -9 -9;
v0x14063f670_0 .var "clk", 0 0;
v0x14063f700_0 .net "clk_dc", 0 0, L_0x141005120;  1 drivers
v0x14063f790_0 .net "clk_ex", 0 0, L_0x1410051c0;  1 drivers
v0x14063f820_0 .net "clk_ft", 0 0, L_0x141004aa0;  1 drivers
v0x14063f8b0_0 .net "clk_wb", 0 0, L_0x141005320;  1 drivers
v0x14063f940_0 .net "n_reg_a", 2 0, v0x14060a000_0;  1 drivers
v0x14063f9d0_0 .net "n_reg_b", 2 0, v0x140620390_0;  1 drivers
v0x14063fa60_0 .net "op_code", 3 0, v0x14061b300_0;  1 drivers
v0x14063faf0_0 .net "op_data", 7 0, v0x140638510_0;  1 drivers
v0x14063fc00_0 .net "p_count", 7 0, v0x1406327a0_0;  1 drivers
v0x14063fd10_0 .net "p_out", 14 0, v0x140615410_0;  1 drivers
v0x14063fe20_0 .net "reg0", 15 0, v0x14063d9f0_0;  1 drivers
v0x14063ff30_0 .net "reg1", 15 0, v0x14063da80_0;  1 drivers
v0x140640040_0 .net "reg2", 15 0, v0x14063db10_0;  1 drivers
v0x140640150_0 .net "reg3", 15 0, v0x14063dba0_0;  1 drivers
v0x140640260_0 .net "reg4", 15 0, v0x14063dc30_0;  1 drivers
v0x140640370_0 .net "reg5", 15 0, v0x14063dcc0_0;  1 drivers
v0x140640500_0 .net "reg6", 15 0, v0x14063dd50_0;  1 drivers
v0x140640610_0 .net "reg7", 15 0, v0x14063dde0_0;  1 drivers
v0x140640720_0 .net "reg_a", 15 0, v0x1406111f0_0;  1 drivers
v0x1406407b0_0 .net "reg_b", 15 0, v0x14063d5b0_0;  1 drivers
v0x140640840_0 .net "reg_in", 15 0, v0x140633d80_0;  1 drivers
v0x1406408d0_0 .var "reset", 0 0;
S_0x1407042f0 .scope module, "cpuSIM" "cpu" 2 209, 2 177 0, S_0x140704180;
 .timescale 0 0;
    .port_info 0 /INPUT 1 "clk";
    .port_info 1 /INPUT 1 "reset";
    .port_info 2 /OUTPUT 1 "clk_ft";
    .port_info 3 /OUTPUT 1 "clk_dc";
    .port_info 4 /OUTPUT 1 "clk_ex";
    .port_info 5 /OUTPUT 1 "clk_wb";
    .port_info 6 /OUTPUT 8 "p_count";
    .port_info 7 /OUTPUT 15 "p_out";
    .port_info 8 /OUTPUT 4 "op_code";
    .port_info 9 /OUTPUT 8 "op_data";
    .port_info 10 /OUTPUT 16 "reg0";
    .port_info 11 /OUTPUT 16 "reg1";
    .port_info 12 /OUTPUT 16 "reg2";
    .port_info 13 /OUTPUT 16 "reg3";
    .port_info 14 /OUTPUT 16 "reg4";
    .port_info 15 /OUTPUT 16 "reg5";
    .port_info 16 /OUTPUT 16 "reg6";
    .port_info 17 /OUTPUT 16 "reg7";
    .port_info 18 /OUTPUT 3 "n_reg_a";
    .port_info 19 /OUTPUT 16 "reg_a";
    .port_info 20 /OUTPUT 3 "n_reg_b";
    .port_info 21 /OUTPUT 16 "reg_b";
    .port_info 22 /OUTPUT 16 "reg_in";
v0x14063e7c0_0 .net "clk", 0 0, v0x14063f670_0;  1 drivers
v0x14063e850_0 .net "clk_dc", 0 0, L_0x141005120;  alias, 1 drivers
v0x14063e8e0_0 .net "clk_ex", 0 0, L_0x1410051c0;  alias, 1 drivers
v0x14063e970_0 .net "clk_ft", 0 0, L_0x141004aa0;  alias, 1 drivers
v0x14063ea00_0 .net "clk_wb", 0 0, L_0x141005320;  alias, 1 drivers
v0x14063ea90_0 .net "n_reg_a", 2 0, v0x14060a000_0;  alias, 1 drivers
v0x14063eb20_0 .net "n_reg_b", 2 0, v0x140620390_0;  alias, 1 drivers
v0x14063ebb0_0 .net "op_code", 3 0, v0x14061b300_0;  alias, 1 drivers
v0x14063ec40_0 .net "op_data", 7 0, v0x140638510_0;  alias, 1 drivers
v0x14063ecd0_0 .net "p_count", 7 0, v0x1406327a0_0;  alias, 1 drivers
v0x14063ed60_0 .net "p_out", 14 0, v0x140615410_0;  alias, 1 drivers
v0x14063edf0_0 .net "reg0", 15 0, v0x14063d9f0_0;  alias, 1 drivers
v0x14063ee80_0 .net "reg1", 15 0, v0x14063da80_0;  alias, 1 drivers
v0x14063ef10_0 .net "reg2", 15 0, v0x14063db10_0;  alias, 1 drivers
v0x14063efa0_0 .net "reg3", 15 0, v0x14063dba0_0;  alias, 1 drivers
v0x14063f030_0 .net "reg4", 15 0, v0x14063dc30_0;  alias, 1 drivers
v0x14063f0c0_0 .net "reg5", 15 0, v0x14063dcc0_0;  alias, 1 drivers
v0x14063f250_0 .net "reg6", 15 0, v0x14063dd50_0;  alias, 1 drivers
v0x14063f2e0_0 .net "reg7", 15 0, v0x14063dde0_0;  alias, 1 drivers
v0x14063f370_0 .net "reg_a", 15 0, v0x1406111f0_0;  alias, 1 drivers
v0x14063f400_0 .net "reg_b", 15 0, v0x14063d5b0_0;  alias, 1 drivers
v0x14063f490_0 .net "reg_in", 15 0, v0x140633d80_0;  alias, 1 drivers
v0x14063f520_0 .net "reset", 0 0, v0x1406408d0_0;  1 drivers
L_0x1410054c0 .part v0x140615410_0, 8, 3;
L_0x141005560 .part v0x140615410_0, 5, 3;
S_0x1407047b0 .scope module, "dc" "decode" 2 190, 2 52 0, S_0x1407042f0;
 .timescale 0 0;
    .port_info 0 /INPUT 1 "clk_dc";
    .port_info 1 /INPUT 15 "p_out";
    .port_info 2 /OUTPUT 4 "op_code";
    .port_info 3 /OUTPUT 8 "op_data";
v0x140704a40_0 .net "clk_dc", 0 0, L_0x141005120;  alias, 1 drivers
v0x14061b300_0 .var "op_code", 3 0;
v0x140638510_0 .var "op_data", 7 0;
v0x1406370e0_0 .net "p_out", 14 0, v0x140615410_0;  alias, 1 drivers
E_0x1407049e0 .event posedge, v0x140704a40_0;
S_0x140606650 .scope module, "ex" "exec" 2 193, 2 95 0, S_0x1407042f0;
 .timescale 0 0;
    .port_info 0 /INPUT 1 "clk_ex";
    .port_info 1 /INPUT 1 "reset";
    .port_info 2 /INPUT 4 "op_code";
    .port_info 3 /INPUT 16 "reg_a";
    .port_info 4 /INPUT 16 "reg_b";
    .port_info 5 /INPUT 8 "op_data";
    .port_info 6 /OUTPUT 8 "p_count";
    .port_info 7 /OUTPUT 16 "reg_in";
v0x140637570_0 .net "clk_ex", 0 0, L_0x1410051c0;  alias, 1 drivers
v0x140632ef0_0 .net "op_code", 3 0, v0x14061b300_0;  alias, 1 drivers
v0x140632f80_0 .net "op_data", 7 0, v0x140638510_0;  alias, 1 drivers
v0x1406327a0_0 .var "p_count", 7 0;
v0x140632830_0 .net "reg_a", 15 0, v0x1406111f0_0;  alias, 1 drivers
v0x140633cf0_0 .net "reg_b", 15 0, v0x14063d5b0_0;  alias, 1 drivers
v0x140633d80_0 .var "reg_in", 15 0;
v0x1406335f0_0 .net "reset", 0 0, v0x1406408d0_0;  alias, 1 drivers
E_0x14060e3b0/0 .event negedge, v0x1406335f0_0;
E_0x14060e3b0/1 .event posedge, v0x140637570_0;
E_0x14060e3b0 .event/or E_0x14060e3b0/0, E_0x14060e3b0/1;
S_0x1406067c0 .scope module, "ft" "fetch" 2 189, 2 26 0, S_0x1407042f0;
 .timescale 0 0;
    .port_info 0 /INPUT 1 "clk_ft";
    .port_info 1 /INPUT 8 "p_count";
    .port_info 2 /OUTPUT 15 "p_out";
v0x1406154a0_0 .net "clk_ft", 0 0, L_0x141004aa0;  alias, 1 drivers
v0x14060d730_0 .net "p_count", 7 0, v0x1406327a0_0;  alias, 1 drivers
v0x14060d7c0_0 .net "p_out", 14 0, v0x140615410_0;  alias, 1 drivers
S_0x1406152a0 .scope module, "pr" "prom" 2 30, 2 33 0, S_0x1406067c0;
 .timescale 0 0;
    .port_info 0 /INPUT 1 "clk";
    .port_info 1 /INPUT 8 "addr";
    .port_info 2 /OUTPUT 15 "q";
v0x140633680_0 .net "addr", 7 0, v0x1406327a0_0;  alias, 1 drivers
v0x14063d460_0 .net "clk", 0 0, L_0x141004aa0;  alias, 1 drivers
v0x14063d4f0 .array "mem", 0 255, 14 0;
v0x140615410_0 .var "q", 14 0;
E_0x140612160 .event posedge, v0x14063d460_0;
S_0x14060d850 .scope module, "rdc1" "reg_dc" 2 191, 2 65 0, S_0x1407042f0;
 .timescale 0 0;
    .port_info 0 /INPUT 1 "clk_dc";
    .port_info 1 /INPUT 3 "n_reg_in";
    .port_info 2 /INPUT 16 "reg0";
    .port_info 3 /INPUT 16 "reg1";
    .port_info 4 /INPUT 16 "reg2";
    .port_info 5 /INPUT 16 "reg3";
    .port_info 6 /INPUT 16 "reg4";
    .port_info 7 /INPUT 16 "reg5";
    .port_info 8 /INPUT 16 "reg6";
    .port_info 9 /INPUT 16 "reg7";
    .port_info 10 /OUTPUT 3 "n_reg_out";
    .port_info 11 /OUTPUT 16 "reg_out";
v0x140609ee0_0 .net "clk_dc", 0 0, L_0x141005120;  alias, 1 drivers
v0x140609f70_0 .net "n_reg_in", 2 0, L_0x1410054c0;  1 drivers
v0x14060a000_0 .var "n_reg_out", 2 0;
v0x140608fa0_0 .net "reg0", 15 0, v0x14063d9f0_0;  alias, 1 drivers
v0x140609030_0 .net "reg1", 15 0, v0x14063da80_0;  alias, 1 drivers
v0x1406090c0_0 .net "reg2", 15 0, v0x14063db10_0;  alias, 1 drivers
v0x140609150_0 .net "reg3", 15 0, v0x14063dba0_0;  alias, 1 drivers
v0x1406091e0_0 .net "reg4", 15 0, v0x14063dc30_0;  alias, 1 drivers
v0x140611040_0 .net "reg5", 15 0, v0x14063dcc0_0;  alias, 1 drivers
v0x1406110d0_0 .net "reg6", 15 0, v0x14063dd50_0;  alias, 1 drivers
v0x140611160_0 .net "reg7", 15 0, v0x14063dde0_0;  alias, 1 drivers
v0x1406111f0_0 .var "reg_out", 15 0;
S_0x14060bec0 .scope module, "rdc2" "reg_dc" 2 192, 2 65 0, S_0x1407042f0;
 .timescale 0 0;
    .port_info 0 /INPUT 1 "clk_dc";
    .port_info 1 /INPUT 3 "n_reg_in";
    .port_info 2 /INPUT 16 "reg0";
    .port_info 3 /INPUT 16 "reg1";
    .port_info 4 /INPUT 16 "reg2";
    .port_info 5 /INPUT 16 "reg3";
    .port_info 6 /INPUT 16 "reg4";
    .port_info 7 /INPUT 16 "reg5";
    .port_info 8 /INPUT 16 "reg6";
    .port_info 9 /INPUT 16 "reg7";
    .port_info 10 /OUTPUT 3 "n_reg_out";
    .port_info 11 /OUTPUT 16 "reg_out";
v0x140611280_0 .net "clk_dc", 0 0, L_0x141005120;  alias, 1 drivers
v0x140620300_0 .net "n_reg_in", 2 0, L_0x141005560;  1 drivers
v0x140620390_0 .var "n_reg_out", 2 0;
v0x140620420_0 .net "reg0", 15 0, v0x14063d9f0_0;  alias, 1 drivers
v0x1406204b0_0 .net "reg1", 15 0, v0x14063da80_0;  alias, 1 drivers
v0x140620540_0 .net "reg2", 15 0, v0x14063db10_0;  alias, 1 drivers
v0x14061a250_0 .net "reg3", 15 0, v0x14063dba0_0;  alias, 1 drivers
v0x14061a2e0_0 .net "reg4", 15 0, v0x14063dc30_0;  alias, 1 drivers
v0x14061a370_0 .net "reg5", 15 0, v0x14063dcc0_0;  alias, 1 drivers
v0x14061a400_0 .net "reg6", 15 0, v0x14063dd50_0;  alias, 1 drivers
v0x14061a490_0 .net "reg7", 15 0, v0x14063dde0_0;  alias, 1 drivers
v0x14063d5b0_0 .var "reg_out", 15 0;
S_0x14063d640 .scope module, "rwb" "reg_wb" 2 194, 2 136 0, S_0x1407042f0;
 .timescale 0 0;
    .port_info 0 /INPUT 1 "clk_wb";
    .port_info 1 /INPUT 1 "reset";
    .port_info 2 /INPUT 3 "n_reg";
    .port_info 3 /INPUT 16 "reg_in";
    .port_info 4 /OUTPUT 16 "reg0";
    .port_info 5 /OUTPUT 16 "reg1";
    .port_info 6 /OUTPUT 16 "reg2";
    .port_info 7 /OUTPUT 16 "reg3";
    .port_info 8 /OUTPUT 16 "reg4";
    .port_info 9 /OUTPUT 16 "reg5";
    .port_info 10 /OUTPUT 16 "reg6";
    .port_info 11 /OUTPUT 16 "reg7";
v0x14063d8d0_0 .net "clk_wb", 0 0, L_0x141005320;  alias, 1 drivers
v0x14063d960_0 .net "n_reg", 2 0, v0x14060a000_0;  alias, 1 drivers
v0x14063d9f0_0 .var "reg0", 15 0;
v0x14063da80_0 .var "reg1", 15 0;
v0x14063db10_0 .var "reg2", 15 0;
v0x14063dba0_0 .var "reg3", 15 0;
v0x14063dc30_0 .var "reg4", 15 0;
v0x14063dcc0_0 .var "reg5", 15 0;
v0x14063dd50_0 .var "reg6", 15 0;
v0x14063dde0_0 .var "reg7", 15 0;
v0x14063de70_0 .net "reg_in", 15 0, v0x140633d80_0;  alias, 1 drivers
v0x14063df00_0 .net "reset", 0 0, v0x1406408d0_0;  alias, 1 drivers
E_0x140621c00 .event posedge, v0x14063d8d0_0;
S_0x14063df90 .scope module, "st" "state" 2 188, 2 6 0, S_0x1407042f0;
 .timescale 0 0;
    .port_info 0 /INPUT 1 "clk";
    .port_info 1 /INPUT 1 "reset";
    .port_info 2 /OUTPUT 1 "clk_ft";
    .port_info 3 /OUTPUT 1 "clk_dc";
    .port_info 4 /OUTPUT 1 "clk_ex";
    .port_info 5 /OUTPUT 1 "clk_wb";
L_0x138030010 .functor BUFT 1, C4<00>, C4<0>, C4<0>, C4<0>;
v0x14063e190_0 .net/2u *"_ivl_0", 1 0, L_0x138030010;  1 drivers
L_0x1380300e8 .functor BUFT 1, C4<11>, C4<0>, C4<0>, C4<0>;
v0x14063e220_0 .net/2u *"_ivl_12", 1 0, L_0x1380300e8;  1 drivers
L_0x138030058 .functor BUFT 1, C4<01>, C4<0>, C4<0>, C4<0>;
v0x14063e2b0_0 .net/2u *"_ivl_4", 1 0, L_0x138030058;  1 drivers
L_0x1380300a0 .functor BUFT 1, C4<10>, C4<0>, C4<0>, C4<0>;
v0x14063e340_0 .net/2u *"_ivl_8", 1 0, L_0x1380300a0;  1 drivers
v0x14063e3d0_0 .net "clk", 0 0, v0x14063f670_0;  alias, 1 drivers
v0x14063e460_0 .net "clk_dc", 0 0, L_0x141005120;  alias, 1 drivers
v0x14063e4f0_0 .net "clk_ex", 0 0, L_0x1410051c0;  alias, 1 drivers
v0x14063e580_0 .net "clk_ft", 0 0, L_0x141004aa0;  alias, 1 drivers
v0x14063e610_0 .net "clk_wb", 0 0, L_0x141005320;  alias, 1 drivers
v0x14063e6a0_0 .var "cs", 1 0;
v0x14063e730_0 .net "reset", 0 0, v0x1406408d0_0;  alias, 1 drivers
E_0x14061cbb0 .event posedge, v0x14063e3d0_0;
L_0x141004aa0 .cmp/eq 2, v0x14063e6a0_0, L_0x138030010;
L_0x141005120 .cmp/eq 2, v0x14063e6a0_0, L_0x138030058;
L_0x1410051c0 .cmp/eq 2, v0x14063e6a0_0, L_0x1380300a0;
L_0x141005320 .cmp/eq 2, v0x14063e6a0_0, L_0x1380300e8;
    .scope S_0x14063df90;
T_0 ;
    %wait E_0x14061cbb0;
    %load/vec4 v0x14063e730_0;
    %nor/r;
    %flag_set/vec4 8;
    %jmp/0xz  T_0.0, 8;
    %pushi/vec4 0, 0, 2;
    %assign/vec4 v0x14063e6a0_0, 0;
    %jmp T_0.1;
T_0.0 ;
    %load/vec4 v0x14063e6a0_0;
    %dup/vec4;
    %pushi/vec4 0, 0, 2;
    %cmp/u;
    %jmp/1 T_0.2, 6;
    %dup/vec4;
    %pushi/vec4 1, 0, 2;
    %cmp/u;
    %jmp/1 T_0.3, 6;
    %dup/vec4;
    %pushi/vec4 2, 0, 2;
    %cmp/u;
    %jmp/1 T_0.4, 6;
    %dup/vec4;
    %pushi/vec4 3, 0, 2;
    %cmp/u;
    %jmp/1 T_0.5, 6;
    %pushi/vec4 3, 3, 2;
    %assign/vec4 v0x14063e6a0_0, 0;
    %jmp T_0.7;
T_0.2 ;
    %pushi/vec4 1, 0, 2;
    %assign/vec4 v0x14063e6a0_0, 0;
    %jmp T_0.7;
T_0.3 ;
    %pushi/vec4 2, 0, 2;
    %assign/vec4 v0x14063e6a0_0, 0;
    %jmp T_0.7;
T_0.4 ;
    %pushi/vec4 3, 0, 2;
    %assign/vec4 v0x14063e6a0_0, 0;
    %jmp T_0.7;
T_0.5 ;
    %pushi/vec4 0, 0, 2;
    %assign/vec4 v0x14063e6a0_0, 0;
    %jmp T_0.7;
T_0.7 ;
    %pop/vec4 1;
T_0.1 ;
    %jmp T_0;
    .thread T_0;
    .scope S_0x1406152a0;
T_1 ;
    %wait E_0x140612160;
    %load/vec4 v0x140633680_0;
    %pad/u 10;
    %ix/vec4 4;
    %load/vec4a v0x14063d4f0, 4;
    %assign/vec4 v0x140615410_0, 0;
    %jmp T_1;
    .thread T_1;
    .scope S_0x1406152a0;
T_2 ;
    %pushi/vec4 8192, 0, 15;
    %ix/load 4, 0, 0;
    %flag_set/imm 4, 0;
    %store/vec4a v0x14063d4f0, 4, 0;
    %pushi/vec4 6145, 0, 15;
    %ix/load 4, 1, 0;
    %flag_set/imm 4, 0;
    %store/vec4a v0x14063d4f0, 4, 0;
    %pushi/vec4 8448, 0, 15;
    %ix/load 4, 2, 0;
    %flag_set/imm 4, 0;
    %store/vec4a v0x14063d4f0, 4, 0;
    %pushi/vec4 6402, 0, 15;
    %ix/load 4, 3, 0;
    %flag_set/imm 4, 0;
    %store/vec4a v0x14063d4f0, 4, 0;
    %pushi/vec4 2080, 0, 15;
    %ix/load 4, 4, 0;
    %flag_set/imm 4, 0;
    %store/vec4a v0x14063d4f0, 4, 0;
    %end;
    .thread T_2;
    .scope S_0x1407047b0;
T_3 ;
    %wait E_0x1407049e0;
    %load/vec4 v0x1406370e0_0;
    %parti/s 4, 11, 5;
    %assign/vec4 v0x14061b300_0, 0;
    %load/vec4 v0x1406370e0_0;
    %parti/s 8, 0, 2;
    %assign/vec4 v0x140638510_0, 0;
    %jmp T_3;
    .thread T_3;
    .scope S_0x14060d850;
T_4 ;
    %wait E_0x1407049e0;
    %load/vec4 v0x140609f70_0;
    %dup/vec4;
    %pushi/vec4 0, 0, 3;
    %cmp/u;
    %jmp/1 T_4.0, 6;
    %dup/vec4;
    %pushi/vec4 1, 0, 3;
    %cmp/u;
    %jmp/1 T_4.1, 6;
    %dup/vec4;
    %pushi/vec4 2, 0, 3;
    %cmp/u;
    %jmp/1 T_4.2, 6;
    %dup/vec4;
    %pushi/vec4 3, 0, 3;
    %cmp/u;
    %jmp/1 T_4.3, 6;
    %dup/vec4;
    %pushi/vec4 4, 0, 3;
    %cmp/u;
    %jmp/1 T_4.4, 6;
    %dup/vec4;
    %pushi/vec4 5, 0, 3;
    %cmp/u;
    %jmp/1 T_4.5, 6;
    %dup/vec4;
    %pushi/vec4 6, 0, 3;
    %cmp/u;
    %jmp/1 T_4.6, 6;
    %dup/vec4;
    %pushi/vec4 7, 0, 3;
    %cmp/u;
    %jmp/1 T_4.7, 6;
    %pushi/vec4 32767, 32767, 16;
    %assign/vec4 v0x1406111f0_0, 0;
    %jmp T_4.9;
T_4.0 ;
    %load/vec4 v0x140608fa0_0;
    %assign/vec4 v0x1406111f0_0, 0;
    %jmp T_4.9;
T_4.1 ;
    %load/vec4 v0x140609030_0;
    %assign/vec4 v0x1406111f0_0, 0;
    %jmp T_4.9;
T_4.2 ;
    %load/vec4 v0x1406090c0_0;
    %assign/vec4 v0x1406111f0_0, 0;
    %jmp T_4.9;
T_4.3 ;
    %load/vec4 v0x140609150_0;
    %assign/vec4 v0x1406111f0_0, 0;
    %jmp T_4.9;
T_4.4 ;
    %load/vec4 v0x1406091e0_0;
    %assign/vec4 v0x1406111f0_0, 0;
    %jmp T_4.9;
T_4.5 ;
    %load/vec4 v0x140611040_0;
    %assign/vec4 v0x1406111f0_0, 0;
    %jmp T_4.9;
T_4.6 ;
    %load/vec4 v0x1406110d0_0;
    %assign/vec4 v0x1406111f0_0, 0;
    %jmp T_4.9;
T_4.7 ;
    %load/vec4 v0x140611160_0;
    %assign/vec4 v0x1406111f0_0, 0;
    %jmp T_4.9;
T_4.9 ;
    %pop/vec4 1;
    %load/vec4 v0x140609f70_0;
    %assign/vec4 v0x14060a000_0, 0;
    %jmp T_4;
    .thread T_4;
    .scope S_0x14060bec0;
T_5 ;
    %wait E_0x1407049e0;
    %load/vec4 v0x140620300_0;
    %dup/vec4;
    %pushi/vec4 0, 0, 3;
    %cmp/u;
    %jmp/1 T_5.0, 6;
    %dup/vec4;
    %pushi/vec4 1, 0, 3;
    %cmp/u;
    %jmp/1 T_5.1, 6;
    %dup/vec4;
    %pushi/vec4 2, 0, 3;
    %cmp/u;
    %jmp/1 T_5.2, 6;
    %dup/vec4;
    %pushi/vec4 3, 0, 3;
    %cmp/u;
    %jmp/1 T_5.3, 6;
    %dup/vec4;
    %pushi/vec4 4, 0, 3;
    %cmp/u;
    %jmp/1 T_5.4, 6;
    %dup/vec4;
    %pushi/vec4 5, 0, 3;
    %cmp/u;
    %jmp/1 T_5.5, 6;
    %dup/vec4;
    %pushi/vec4 6, 0, 3;
    %cmp/u;
    %jmp/1 T_5.6, 6;
    %dup/vec4;
    %pushi/vec4 7, 0, 3;
    %cmp/u;
    %jmp/1 T_5.7, 6;
    %pushi/vec4 32767, 32767, 16;
    %assign/vec4 v0x14063d5b0_0, 0;
    %jmp T_5.9;
T_5.0 ;
    %load/vec4 v0x140620420_0;
    %assign/vec4 v0x14063d5b0_0, 0;
    %jmp T_5.9;
T_5.1 ;
    %load/vec4 v0x1406204b0_0;
    %assign/vec4 v0x14063d5b0_0, 0;
    %jmp T_5.9;
T_5.2 ;
    %load/vec4 v0x140620540_0;
    %assign/vec4 v0x14063d5b0_0, 0;
    %jmp T_5.9;
T_5.3 ;
    %load/vec4 v0x14061a250_0;
    %assign/vec4 v0x14063d5b0_0, 0;
    %jmp T_5.9;
T_5.4 ;
    %load/vec4 v0x14061a2e0_0;
    %assign/vec4 v0x14063d5b0_0, 0;
    %jmp T_5.9;
T_5.5 ;
    %load/vec4 v0x14061a370_0;
    %assign/vec4 v0x14063d5b0_0, 0;
    %jmp T_5.9;
T_5.6 ;
    %load/vec4 v0x14061a400_0;
    %assign/vec4 v0x14063d5b0_0, 0;
    %jmp T_5.9;
T_5.7 ;
    %load/vec4 v0x14061a490_0;
    %assign/vec4 v0x14063d5b0_0, 0;
    %jmp T_5.9;
T_5.9 ;
    %pop/vec4 1;
    %load/vec4 v0x140620300_0;
    %assign/vec4 v0x140620390_0, 0;
    %jmp T_5;
    .thread T_5;
    .scope S_0x140606650;
T_6 ;
    %wait E_0x14060e3b0;
    %load/vec4 v0x1406335f0_0;
    %nor/r;
    %flag_set/vec4 8;
    %jmp/0xz  T_6.0, 8;
    %pushi/vec4 0, 0, 8;
    %assign/vec4 v0x1406327a0_0, 0;
    %jmp T_6.1;
T_6.0 ;
    %load/vec4 v0x140632ef0_0;
    %dup/vec4;
    %pushi/vec4 0, 0, 4;
    %cmp/u;
    %jmp/1 T_6.2, 6;
    %dup/vec4;
    %pushi/vec4 1, 0, 4;
    %cmp/u;
    %jmp/1 T_6.3, 6;
    %dup/vec4;
    %pushi/vec4 2, 0, 4;
    %cmp/u;
    %jmp/1 T_6.4, 6;
    %dup/vec4;
    %pushi/vec4 3, 0, 4;
    %cmp/u;
    %jmp/1 T_6.5, 6;
    %dup/vec4;
    %pushi/vec4 4, 0, 4;
    %cmp/u;
    %jmp/1 T_6.6, 6;
    %jmp T_6.7;
T_6.2 ;
    %load/vec4 v0x140633cf0_0;
    %assign/vec4 v0x140633d80_0, 0;
    %load/vec4 v0x1406327a0_0;
    %addi 1, 0, 8;
    %assign/vec4 v0x1406327a0_0, 0;
    %jmp T_6.7;
T_6.3 ;
    %load/vec4 v0x140632830_0;
    %load/vec4 v0x140633cf0_0;
    %add;
    %assign/vec4 v0x140633d80_0, 0;
    %load/vec4 v0x1406327a0_0;
    %addi 1, 0, 8;
    %assign/vec4 v0x1406327a0_0, 0;
    %jmp T_6.7;
T_6.4 ;
    %load/vec4 v0x140632830_0;
    %load/vec4 v0x140633cf0_0;
    %sub;
    %assign/vec4 v0x140633d80_0, 0;
    %load/vec4 v0x1406327a0_0;
    %addi 1, 0, 8;
    %assign/vec4 v0x1406327a0_0, 0;
    %jmp T_6.7;
T_6.5 ;
    %load/vec4 v0x140632830_0;
    %parti/s 8, 8, 5;
    %load/vec4 v0x140632f80_0;
    %concat/vec4; draw_concat_vec4
    %assign/vec4 v0x140633d80_0, 0;
    %load/vec4 v0x1406327a0_0;
    %addi 1, 0, 8;
    %assign/vec4 v0x1406327a0_0, 0;
    %jmp T_6.7;
T_6.6 ;
    %load/vec4 v0x140632f80_0;
    %load/vec4 v0x140632830_0;
    %parti/s 8, 0, 2;
    %concat/vec4; draw_concat_vec4
    %assign/vec4 v0x140633d80_0, 0;
    %load/vec4 v0x1406327a0_0;
    %addi 1, 0, 8;
    %assign/vec4 v0x1406327a0_0, 0;
    %jmp T_6.7;
T_6.7 ;
    %pop/vec4 1;
T_6.1 ;
    %jmp T_6;
    .thread T_6;
    .scope S_0x14063d640;
T_7 ;
    %wait E_0x140621c00;
    %load/vec4 v0x14063df00_0;
    %nor/r;
    %flag_set/vec4 8;
    %jmp/0xz  T_7.0, 8;
    %pushi/vec4 0, 0, 16;
    %assign/vec4 v0x14063d9f0_0, 0;
    %pushi/vec4 0, 0, 16;
    %assign/vec4 v0x14063da80_0, 0;
    %pushi/vec4 0, 0, 16;
    %assign/vec4 v0x14063db10_0, 0;
    %pushi/vec4 0, 0, 16;
    %assign/vec4 v0x14063dba0_0, 0;
    %pushi/vec4 0, 0, 16;
    %assign/vec4 v0x14063dc30_0, 0;
    %pushi/vec4 0, 0, 16;
    %assign/vec4 v0x14063dcc0_0, 0;
    %pushi/vec4 0, 0, 16;
    %assign/vec4 v0x14063dd50_0, 0;
    %pushi/vec4 0, 0, 16;
    %assign/vec4 v0x14063dde0_0, 0;
    %jmp T_7.1;
T_7.0 ;
    %load/vec4 v0x14063d960_0;
    %dup/vec4;
    %pushi/vec4 0, 0, 3;
    %cmp/u;
    %jmp/1 T_7.2, 6;
    %dup/vec4;
    %pushi/vec4 1, 0, 3;
    %cmp/u;
    %jmp/1 T_7.3, 6;
    %dup/vec4;
    %pushi/vec4 2, 0, 3;
    %cmp/u;
    %jmp/1 T_7.4, 6;
    %dup/vec4;
    %pushi/vec4 3, 0, 3;
    %cmp/u;
    %jmp/1 T_7.5, 6;
    %dup/vec4;
    %pushi/vec4 4, 0, 3;
    %cmp/u;
    %jmp/1 T_7.6, 6;
    %dup/vec4;
    %pushi/vec4 5, 0, 3;
    %cmp/u;
    %jmp/1 T_7.7, 6;
    %dup/vec4;
    %pushi/vec4 6, 0, 3;
    %cmp/u;
    %jmp/1 T_7.8, 6;
    %dup/vec4;
    %pushi/vec4 7, 0, 3;
    %cmp/u;
    %jmp/1 T_7.9, 6;
    %pushi/vec4 65535, 65535, 16;
    %assign/vec4 v0x14063d9f0_0, 0;
    %pushi/vec4 65535, 65535, 16;
    %assign/vec4 v0x14063da80_0, 0;
    %pushi/vec4 65535, 65535, 16;
    %assign/vec4 v0x14063db10_0, 0;
    %pushi/vec4 65535, 65535, 16;
    %assign/vec4 v0x14063dba0_0, 0;
    %pushi/vec4 65535, 65535, 16;
    %assign/vec4 v0x14063dc30_0, 0;
    %pushi/vec4 65535, 65535, 16;
    %assign/vec4 v0x14063dcc0_0, 0;
    %pushi/vec4 65535, 65535, 16;
    %assign/vec4 v0x14063dd50_0, 0;
    %pushi/vec4 65535, 65535, 16;
    %assign/vec4 v0x14063dde0_0, 0;
    %jmp T_7.11;
T_7.2 ;
    %load/vec4 v0x14063de70_0;
    %assign/vec4 v0x14063d9f0_0, 0;
    %jmp T_7.11;
T_7.3 ;
    %load/vec4 v0x14063de70_0;
    %assign/vec4 v0x14063da80_0, 0;
    %jmp T_7.11;
T_7.4 ;
    %load/vec4 v0x14063de70_0;
    %assign/vec4 v0x14063db10_0, 0;
    %jmp T_7.11;
T_7.5 ;
    %load/vec4 v0x14063de70_0;
    %assign/vec4 v0x14063dba0_0, 0;
    %jmp T_7.11;
T_7.6 ;
    %load/vec4 v0x14063de70_0;
    %assign/vec4 v0x14063dc30_0, 0;
    %jmp T_7.11;
T_7.7 ;
    %load/vec4 v0x14063de70_0;
    %assign/vec4 v0x14063dcc0_0, 0;
    %jmp T_7.11;
T_7.8 ;
    %load/vec4 v0x14063de70_0;
    %assign/vec4 v0x14063dd50_0, 0;
    %jmp T_7.11;
T_7.9 ;
    %load/vec4 v0x14063de70_0;
    %assign/vec4 v0x14063dde0_0, 0;
    %jmp T_7.11;
T_7.11 ;
    %pop/vec4 1;
T_7.1 ;
    %jmp T_7;
    .thread T_7;
    .scope S_0x140704180;
T_8 ;
    %vpi_call 2 212 "$dumpfile", "cpu.vcd" {0 0 0};
    %vpi_call 2 213 "$dumpvars", 32'sb00000000000000000000000000000000, S_0x140704180 {0 0 0};
    %end;
    .thread T_8;
    .scope S_0x140704180;
T_9 ;
    %pushi/vec4 0, 0, 1;
    %store/vec4 v0x14063f670_0, 0, 1;
T_9.0 ;
    %delay 50, 0;
    %load/vec4 v0x14063f670_0;
    %inv;
    %store/vec4 v0x14063f670_0, 0, 1;
    %jmp T_9.0;
    %end;
    .thread T_9;
    .scope S_0x140704180;
T_10 ;
    %pushi/vec4 1, 0, 1;
    %store/vec4 v0x1406408d0_0, 0, 1;
    %delay 100, 0;
    %pushi/vec4 0, 0, 1;
    %store/vec4 v0x1406408d0_0, 0, 1;
    %delay 100, 0;
    %pushi/vec4 1, 0, 1;
    %store/vec4 v0x1406408d0_0, 0, 1;
    %delay 2500, 0;
    %vpi_call 2 226 "$finish" {0 0 0};
    %end;
    .thread T_10;
# The file index is used to find the file name in the following table.
:file_names 3;
    "N/A";
    "<interactive>";
    "cpu.v";
